// Jest Snapshot v1, https://goo.gl/fbAQLP

exports[`App renders correctly 1`] = `
<RCTSafeAreaView
  emulateUnlessSupported={true}
  style={
    Object {
      "alignItems": "center",
      "backgroundColor": "#FFF",
      "flex": 1,
      "flexDirection": "column",
      "justifyContent": "space-around",
      "paddingTop": 20,
      "width": "100%",
    }
  }
>
  <View
    style={
      Object {
        "flex": 1,
        "padding": 20,
        "width": "100%",
      }
    }
  >
    <View
      style={
        Object {
          "marginBottom": 32,
          "width": "100%",
        }
      }
    >
      <Text
        style={
          Object {
            "color": "#152939",
            "fontSize": 20,
            "fontWeight": "500",
          }
        }
      >
        Loading...
      </Text>
    </View>
  </View>
  <Text>
    Please Sign In / Sign Up
  </Text>
</RCTSafeAreaView>
`;
